Archive member included to satisfy reference by file (symbol)

c:/program files (x86)/atmel/studio/7.0/toolchain/avr8/avr8-gnu-toolchain/bin/../lib/gcc/avr/5.4.0/avr5\libgcc.a(_exit.o)
                              C:/Program Files (x86)/Atmel/Studio/7.0/Packs/atmel/ATmega_DFP/1.7.374/gcc/dev/atmega32/avr5/crtatmega32.o (exit)
c:/program files (x86)/atmel/studio/7.0/toolchain/avr8/avr8-gnu-toolchain/bin/../lib/gcc/avr/5.4.0/avr5\libgcc.a(_copy_data.o)
                              main.o (__do_copy_data)
c:/program files (x86)/atmel/studio/7.0/toolchain/avr8/avr8-gnu-toolchain/bin/../lib/gcc/avr/5.4.0/avr5\libgcc.a(_clear_bss.o)
                              main.o (__do_clear_bss)

Discarded input sections

 .data          0x00000000        0x0 C:/Program Files (x86)/Atmel/Studio/7.0/Packs/atmel/ATmega_DFP/1.7.374/gcc/dev/atmega32/avr5/crtatmega32.o
 .bss           0x00000000        0x0 C:/Program Files (x86)/Atmel/Studio/7.0/Packs/atmel/ATmega_DFP/1.7.374/gcc/dev/atmega32/avr5/crtatmega32.o
 .text          0x00000000        0x0 ECU/IR_Sensor/ecu_ir_sensor.o
 .data          0x00000000        0x0 ECU/IR_Sensor/ecu_ir_sensor.o
 .bss           0x00000000        0x0 ECU/IR_Sensor/ecu_ir_sensor.o
 .text.ir_sensor_intitialize
                0x00000000        0xe ECU/IR_Sensor/ecu_ir_sensor.o
 .text.ir_sensor_read_status
                0x00000000       0x4e ECU/IR_Sensor/ecu_ir_sensor.o
 .debug_info    0x00000000      0x256 ECU/IR_Sensor/ecu_ir_sensor.o
 .debug_abbrev  0x00000000      0x13e ECU/IR_Sensor/ecu_ir_sensor.o
 .debug_loc     0x00000000      0x1ba ECU/IR_Sensor/ecu_ir_sensor.o
 .debug_aranges
                0x00000000       0x28 ECU/IR_Sensor/ecu_ir_sensor.o
 .debug_ranges  0x00000000       0x18 ECU/IR_Sensor/ecu_ir_sensor.o
 .debug_line    0x00000000      0x103 ECU/IR_Sensor/ecu_ir_sensor.o
 .debug_str     0x00000000      0x28b ECU/IR_Sensor/ecu_ir_sensor.o
 .comment       0x00000000       0x31 ECU/IR_Sensor/ecu_ir_sensor.o
 .debug_frame   0x00000000       0x50 ECU/IR_Sensor/ecu_ir_sensor.o
 .text          0x00000000        0x0 ECU/LED/ecu_led.o
 .data          0x00000000        0x0 ECU/LED/ecu_led.o
 .bss           0x00000000        0x0 ECU/LED/ecu_led.o
 .debug_info    0x00000000       0x6b ECU/LED/ecu_led.o
 .debug_abbrev  0x00000000       0x26 ECU/LED/ecu_led.o
 .debug_aranges
                0x00000000       0x18 ECU/LED/ecu_led.o
 .debug_line    0x00000000       0x1a ECU/LED/ecu_led.o
 .debug_str     0x00000000      0x181 ECU/LED/ecu_led.o
 .comment       0x00000000       0x31 ECU/LED/ecu_led.o
 .text          0x00000000        0x0 main.o
 .data          0x00000000        0x0 main.o
 .bss           0x00000000        0x0 main.o
 .text.ISR_0_INIT
                0x00000000        0xa main.o
 .bss.ret       0x00000000        0x1 main.o
 .data.sensor_1
                0x00000000        0x2 main.o
 .text          0x00000000        0x0 MCAL/device_config.o
 .data          0x00000000        0x0 MCAL/device_config.o
 .bss           0x00000000        0x0 MCAL/device_config.o
 .debug_line    0x00000000        0x0 MCAL/device_config.o
 .debug_str     0x00000000       0xfb MCAL/device_config.o
 .comment       0x00000000       0x31 MCAL/device_config.o
 .text          0x00000000        0x0 MCAL/GPIO/mcal_gpio.o
 .data          0x00000000        0x0 MCAL/GPIO/mcal_gpio.o
 .bss           0x00000000        0x0 MCAL/GPIO/mcal_gpio.o
 .text.gpio_pin_get_direction_status
                0x00000000       0x4a MCAL/GPIO/mcal_gpio.o
 .text.gpio_pin_read_logic
                0x00000000       0x4a MCAL/GPIO/mcal_gpio.o
 .text.gpio_port_direction_initialization
                0x00000000       0x20 MCAL/GPIO/mcal_gpio.o
 .text.gpio_port_get_direction_status
                0x00000000       0x2e MCAL/GPIO/mcal_gpio.o
 .text.gpio_port_write_logic
                0x00000000       0x20 MCAL/GPIO/mcal_gpio.o
 .text.gpio_port_read_logic
                0x00000000       0x2e MCAL/GPIO/mcal_gpio.o
 .text.gpio_port_toggle_logic
                0x00000000       0x24 MCAL/GPIO/mcal_gpio.o
 .data.pin_registers
                0x00000000        0x8 MCAL/GPIO/mcal_gpio.o
 .text          0x00000000        0x0 MCAL/INTERRUPT/mcal_external_interrupt.o
 .data          0x00000000        0x0 MCAL/INTERRUPT/mcal_external_interrupt.o
 .bss           0x00000000        0x0 MCAL/INTERRUPT/mcal_external_interrupt.o
 .text.INTx_interrupt_DeInit
                0x00000000        0xe MCAL/INTERRUPT/mcal_external_interrupt.o
 .text          0x00000000        0x0 MCAL/INTERRUPT/mcal_internal_interrupt.o
 .data          0x00000000        0x0 MCAL/INTERRUPT/mcal_internal_interrupt.o
 .bss           0x00000000        0x0 MCAL/INTERRUPT/mcal_internal_interrupt.o
 .debug_info    0x00000000       0x6b MCAL/INTERRUPT/mcal_internal_interrupt.o
 .debug_abbrev  0x00000000       0x26 MCAL/INTERRUPT/mcal_internal_interrupt.o
 .debug_aranges
                0x00000000       0x18 MCAL/INTERRUPT/mcal_internal_interrupt.o
 .debug_line    0x00000000       0x1a MCAL/INTERRUPT/mcal_internal_interrupt.o
 .debug_str     0x00000000      0x197 MCAL/INTERRUPT/mcal_internal_interrupt.o
 .comment       0x00000000       0x31 MCAL/INTERRUPT/mcal_internal_interrupt.o
 .text          0x00000000        0x0 MCAL/INTERRUPT/mcal_interrupt_manager.o
 .data          0x00000000        0x0 MCAL/INTERRUPT/mcal_interrupt_manager.o
 .bss           0x00000000        0x0 MCAL/INTERRUPT/mcal_interrupt_manager.o
 .text          0x00000000        0x0 c:/program files (x86)/atmel/studio/7.0/toolchain/avr8/avr8-gnu-toolchain/bin/../lib/gcc/avr/5.4.0/avr5\libgcc.a(_exit.o)
 .data          0x00000000        0x0 c:/program files (x86)/atmel/studio/7.0/toolchain/avr8/avr8-gnu-toolchain/bin/../lib/gcc/avr/5.4.0/avr5\libgcc.a(_exit.o)
 .bss           0x00000000        0x0 c:/program files (x86)/atmel/studio/7.0/toolchain/avr8/avr8-gnu-toolchain/bin/../lib/gcc/avr/5.4.0/avr5\libgcc.a(_exit.o)
 .text.libgcc.mul
                0x00000000        0x0 c:/program files (x86)/atmel/studio/7.0/toolchain/avr8/avr8-gnu-toolchain/bin/../lib/gcc/avr/5.4.0/avr5\libgcc.a(_exit.o)
 .text.libgcc.div
                0x00000000        0x0 c:/program files (x86)/atmel/studio/7.0/toolchain/avr8/avr8-gnu-toolchain/bin/../lib/gcc/avr/5.4.0/avr5\libgcc.a(_exit.o)
 .text.libgcc   0x00000000        0x0 c:/program files (x86)/atmel/studio/7.0/toolchain/avr8/avr8-gnu-toolchain/bin/../lib/gcc/avr/5.4.0/avr5\libgcc.a(_exit.o)
 .text.libgcc.prologue
                0x00000000        0x0 c:/program files (x86)/atmel/studio/7.0/toolchain/avr8/avr8-gnu-toolchain/bin/../lib/gcc/avr/5.4.0/avr5\libgcc.a(_exit.o)
 .text.libgcc.builtins
                0x00000000        0x0 c:/program files (x86)/atmel/studio/7.0/toolchain/avr8/avr8-gnu-toolchain/bin/../lib/gcc/avr/5.4.0/avr5\libgcc.a(_exit.o)
 .text.libgcc.fmul
                0x00000000        0x0 c:/program files (x86)/atmel/studio/7.0/toolchain/avr8/avr8-gnu-toolchain/bin/../lib/gcc/avr/5.4.0/avr5\libgcc.a(_exit.o)
 .text.libgcc.fixed
                0x00000000        0x0 c:/program files (x86)/atmel/studio/7.0/toolchain/avr8/avr8-gnu-toolchain/bin/../lib/gcc/avr/5.4.0/avr5\libgcc.a(_exit.o)
 .text          0x00000000        0x0 c:/program files (x86)/atmel/studio/7.0/toolchain/avr8/avr8-gnu-toolchain/bin/../lib/gcc/avr/5.4.0/avr5\libgcc.a(_copy_data.o)
 .data          0x00000000        0x0 c:/program files (x86)/atmel/studio/7.0/toolchain/avr8/avr8-gnu-toolchain/bin/../lib/gcc/avr/5.4.0/avr5\libgcc.a(_copy_data.o)
 .bss           0x00000000        0x0 c:/program files (x86)/atmel/studio/7.0/toolchain/avr8/avr8-gnu-toolchain/bin/../lib/gcc/avr/5.4.0/avr5\libgcc.a(_copy_data.o)
 .text.libgcc.mul
                0x00000000        0x0 c:/program files (x86)/atmel/studio/7.0/toolchain/avr8/avr8-gnu-toolchain/bin/../lib/gcc/avr/5.4.0/avr5\libgcc.a(_copy_data.o)
 .text.libgcc.div
                0x00000000        0x0 c:/program files (x86)/atmel/studio/7.0/toolchain/avr8/avr8-gnu-toolchain/bin/../lib/gcc/avr/5.4.0/avr5\libgcc.a(_copy_data.o)
 .text.libgcc   0x00000000        0x0 c:/program files (x86)/atmel/studio/7.0/toolchain/avr8/avr8-gnu-toolchain/bin/../lib/gcc/avr/5.4.0/avr5\libgcc.a(_copy_data.o)
 .text.libgcc.prologue
                0x00000000        0x0 c:/program files (x86)/atmel/studio/7.0/toolchain/avr8/avr8-gnu-toolchain/bin/../lib/gcc/avr/5.4.0/avr5\libgcc.a(_copy_data.o)
 .text.libgcc.builtins
                0x00000000        0x0 c:/program files (x86)/atmel/studio/7.0/toolchain/avr8/avr8-gnu-toolchain/bin/../lib/gcc/avr/5.4.0/avr5\libgcc.a(_copy_data.o)
 .text.libgcc.fmul
                0x00000000        0x0 c:/program files (x86)/atmel/studio/7.0/toolchain/avr8/avr8-gnu-toolchain/bin/../lib/gcc/avr/5.4.0/avr5\libgcc.a(_copy_data.o)
 .text.libgcc.fixed
                0x00000000        0x0 c:/program files (x86)/atmel/studio/7.0/toolchain/avr8/avr8-gnu-toolchain/bin/../lib/gcc/avr/5.4.0/avr5\libgcc.a(_copy_data.o)
 .text          0x00000000        0x0 c:/program files (x86)/atmel/studio/7.0/toolchain/avr8/avr8-gnu-toolchain/bin/../lib/gcc/avr/5.4.0/avr5\libgcc.a(_clear_bss.o)
 .data          0x00000000        0x0 c:/program files (x86)/atmel/studio/7.0/toolchain/avr8/avr8-gnu-toolchain/bin/../lib/gcc/avr/5.4.0/avr5\libgcc.a(_clear_bss.o)
 .bss           0x00000000        0x0 c:/program files (x86)/atmel/studio/7.0/toolchain/avr8/avr8-gnu-toolchain/bin/../lib/gcc/avr/5.4.0/avr5\libgcc.a(_clear_bss.o)
 .text.libgcc.mul
                0x00000000        0x0 c:/program files (x86)/atmel/studio/7.0/toolchain/avr8/avr8-gnu-toolchain/bin/../lib/gcc/avr/5.4.0/avr5\libgcc.a(_clear_bss.o)
 .text.libgcc.div
                0x00000000        0x0 c:/program files (x86)/atmel/studio/7.0/toolchain/avr8/avr8-gnu-toolchain/bin/../lib/gcc/avr/5.4.0/avr5\libgcc.a(_clear_bss.o)
 .text.libgcc   0x00000000        0x0 c:/program files (x86)/atmel/studio/7.0/toolchain/avr8/avr8-gnu-toolchain/bin/../lib/gcc/avr/5.4.0/avr5\libgcc.a(_clear_bss.o)
 .text.libgcc.prologue
                0x00000000        0x0 c:/program files (x86)/atmel/studio/7.0/toolchain/avr8/avr8-gnu-toolchain/bin/../lib/gcc/avr/5.4.0/avr5\libgcc.a(_clear_bss.o)
 .text.libgcc.builtins
                0x00000000        0x0 c:/program files (x86)/atmel/studio/7.0/toolchain/avr8/avr8-gnu-toolchain/bin/../lib/gcc/avr/5.4.0/avr5\libgcc.a(_clear_bss.o)
 .text.libgcc.fmul
                0x00000000        0x0 c:/program files (x86)/atmel/studio/7.0/toolchain/avr8/avr8-gnu-toolchain/bin/../lib/gcc/avr/5.4.0/avr5\libgcc.a(_clear_bss.o)
 .text.libgcc.fixed
                0x00000000        0x0 c:/program files (x86)/atmel/studio/7.0/toolchain/avr8/avr8-gnu-toolchain/bin/../lib/gcc/avr/5.4.0/avr5\libgcc.a(_clear_bss.o)

Memory Configuration

Name             Origin             Length             Attributes
text             0x00000000         0x00008000         xr
data             0x00800060         0x00000800         rw !x
eeprom           0x00810000         0x00000400         rw !x
fuse             0x00820000         0x00000002         rw !x
lock             0x00830000         0x00000400         rw !x
signature        0x00840000         0x00000400         rw !x
user_signatures  0x00850000         0x00000400         rw !x
*default*        0x00000000         0xffffffff

Linker script and memory map

LOAD C:/Program Files (x86)/Atmel/Studio/7.0/Packs/atmel/ATmega_DFP/1.7.374/gcc/dev/atmega32/avr5/crtatmega32.o
LOAD ECU/IR_Sensor/ecu_ir_sensor.o
LOAD ECU/LED/ecu_led.o
LOAD main.o
LOAD MCAL/device_config.o
LOAD MCAL/GPIO/mcal_gpio.o
LOAD MCAL/INTERRUPT/mcal_external_interrupt.o
LOAD MCAL/INTERRUPT/mcal_internal_interrupt.o
LOAD MCAL/INTERRUPT/mcal_interrupt_manager.o
START GROUP
LOAD c:/program files (x86)/atmel/studio/7.0/toolchain/avr8/avr8-gnu-toolchain/bin/../lib/gcc/avr/5.4.0/../../../../avr/lib/avr5\libm.a
END GROUP
START GROUP
LOAD c:/program files (x86)/atmel/studio/7.0/toolchain/avr8/avr8-gnu-toolchain/bin/../lib/gcc/avr/5.4.0/avr5\libgcc.a
LOAD c:/program files (x86)/atmel/studio/7.0/toolchain/avr8/avr8-gnu-toolchain/bin/../lib/gcc/avr/5.4.0/../../../../avr/lib/avr5\libm.a
LOAD c:/program files (x86)/atmel/studio/7.0/toolchain/avr8/avr8-gnu-toolchain/bin/../lib/gcc/avr/5.4.0/../../../../avr/lib/avr5\libc.a
LOAD C:/Program Files (x86)/Atmel/Studio/7.0/Packs/atmel/ATmega_DFP/1.7.374/gcc/dev/atmega32/avr5\libatmega32.a
END GROUP
                0x00000000                __TEXT_REGION_ORIGIN__ = DEFINED (__TEXT_REGION_ORIGIN__)?__TEXT_REGION_ORIGIN__:0x0
                [0x00800060]                __DATA_REGION_ORIGIN__ = DEFINED (__DATA_REGION_ORIGIN__)?__DATA_REGION_ORIGIN__:0x800060
                [0x00008000]                __TEXT_REGION_LENGTH__ = DEFINED (__TEXT_REGION_LENGTH__)?__TEXT_REGION_LENGTH__:0x20000
                [0x00000800]                __DATA_REGION_LENGTH__ = DEFINED (__DATA_REGION_LENGTH__)?__DATA_REGION_LENGTH__:0xffa0
                [0x00000400]                __EEPROM_REGION_LENGTH__ = DEFINED (__EEPROM_REGION_LENGTH__)?__EEPROM_REGION_LENGTH__:0x10000
                [0x00000002]                __FUSE_REGION_LENGTH__ = DEFINED (__FUSE_REGION_LENGTH__)?__FUSE_REGION_LENGTH__:0x400
                0x00000400                __LOCK_REGION_LENGTH__ = DEFINED (__LOCK_REGION_LENGTH__)?__LOCK_REGION_LENGTH__:0x400
                0x00000400                __SIGNATURE_REGION_LENGTH__ = DEFINED (__SIGNATURE_REGION_LENGTH__)?__SIGNATURE_REGION_LENGTH__:0x400
                0x00000400                __USER_SIGNATURE_REGION_LENGTH__ = DEFINED (__USER_SIGNATURE_REGION_LENGTH__)?__USER_SIGNATURE_REGION_LENGTH__:0x400

.hash
 *(.hash)

.dynsym
 *(.dynsym)

.dynstr
 *(.dynstr)

.gnu.version
 *(.gnu.version)

.gnu.version_d
 *(.gnu.version_d)

.gnu.version_r
 *(.gnu.version_r)

.rel.init
 *(.rel.init)

.rela.init
 *(.rela.init)

.rel.text
 *(.rel.text)
 *(.rel.text.*)
 *(.rel.gnu.linkonce.t*)

.rela.text
 *(.rela.text)
 *(.rela.text.*)
 *(.rela.gnu.linkonce.t*)

.rel.fini
 *(.rel.fini)

.rela.fini
 *(.rela.fini)

.rel.rodata
 *(.rel.rodata)
 *(.rel.rodata.*)
 *(.rel.gnu.linkonce.r*)

.rela.rodata
 *(.rela.rodata)
 *(.rela.rodata.*)
 *(.rela.gnu.linkonce.r*)

.rel.data
 *(.rel.data)
 *(.rel.data.*)
 *(.rel.gnu.linkonce.d*)

.rela.data
 *(.rela.data)
 *(.rela.data.*)
 *(.rela.gnu.linkonce.d*)

.rel.ctors
 *(.rel.ctors)

.rela.ctors
 *(.rela.ctors)

.rel.dtors
 *(.rel.dtors)

.rela.dtors
 *(.rela.dtors)

.rel.got
 *(.rel.got)

.rela.got
 *(.rela.got)

.rel.bss
 *(.rel.bss)

.rela.bss
 *(.rela.bss)

.rel.plt
 *(.rel.plt)

.rela.plt
 *(.rela.plt)

.text           0x00000000      0x78a
 *(.vectors)
 .vectors       0x00000000       0x54 C:/Program Files (x86)/Atmel/Studio/7.0/Packs/atmel/ATmega_DFP/1.7.374/gcc/dev/atmega32/avr5/crtatmega32.o
                0x00000000                __vector_default
                0x00000000                __vectors
 *(.vectors)
 *(.progmem.gcc*)
                0x00000054                . = ALIGN (0x2)
                0x00000054                __trampolines_start = .
 *(.trampolines)
 .trampolines   0x00000054        0x0 linker stubs
 *(.trampolines*)
                0x00000054                __trampolines_end = .
 *libprintf_flt.a:*(.progmem.data)
 *libc.a:*(.progmem.data)
 *(.progmem*)
                0x00000054                . = ALIGN (0x2)
 *(.jumptables)
 *(.jumptables*)
 *(.lowtext)
 *(.lowtext*)
                0x00000054                __ctors_start = .
 *(.ctors)
                0x00000054                __ctors_end = .
                0x00000054                __dtors_start = .
 *(.dtors)
                0x00000054                __dtors_end = .
 SORT(*)(.ctors)
 SORT(*)(.dtors)
 *(.init0)
 .init0         0x00000054        0x0 C:/Program Files (x86)/Atmel/Studio/7.0/Packs/atmel/ATmega_DFP/1.7.374/gcc/dev/atmega32/avr5/crtatmega32.o
                0x00000054                __init
 *(.init0)
 *(.init1)
 *(.init1)
 *(.init2)
 .init2         0x00000054        0xc C:/Program Files (x86)/Atmel/Studio/7.0/Packs/atmel/ATmega_DFP/1.7.374/gcc/dev/atmega32/avr5/crtatmega32.o
 *(.init2)
 *(.init3)
 *(.init3)
 *(.init4)
 .init4         0x00000060       0x16 c:/program files (x86)/atmel/studio/7.0/toolchain/avr8/avr8-gnu-toolchain/bin/../lib/gcc/avr/5.4.0/avr5\libgcc.a(_copy_data.o)
                0x00000060                __do_copy_data
 .init4         0x00000076       0x10 c:/program files (x86)/atmel/studio/7.0/toolchain/avr8/avr8-gnu-toolchain/bin/../lib/gcc/avr/5.4.0/avr5\libgcc.a(_clear_bss.o)
                0x00000076                __do_clear_bss
 *(.init4)
 *(.init5)
 *(.init5)
 *(.init6)
 *(.init6)
 *(.init7)
 *(.init7)
 *(.init8)
 *(.init8)
 *(.init9)
 .init9         0x00000086        0x8 C:/Program Files (x86)/Atmel/Studio/7.0/Packs/atmel/ATmega_DFP/1.7.374/gcc/dev/atmega32/avr5/crtatmega32.o
 *(.init9)
 *(.text)
 .text          0x0000008e        0x4 C:/Program Files (x86)/Atmel/Studio/7.0/Packs/atmel/ATmega_DFP/1.7.374/gcc/dev/atmega32/avr5/crtatmega32.o
                0x0000008e                __vector_12
                0x0000008e                __bad_interrupt
                0x0000008e                __vector_6
                0x0000008e                __vector_11
                0x0000008e                __vector_13
                0x0000008e                __vector_17
                0x0000008e                __vector_19
                0x0000008e                __vector_7
                0x0000008e                __vector_5
                0x0000008e                __vector_4
                0x0000008e                __vector_9
                0x0000008e                __vector_15
                0x0000008e                __vector_8
                0x0000008e                __vector_14
                0x0000008e                __vector_10
                0x0000008e                __vector_16
                0x0000008e                __vector_18
                0x0000008e                __vector_20
                0x00000092                . = ALIGN (0x2)
 *(.text.*)
 .text.ISR_2_INIT
                0x00000092        0xa main.o
                0x00000092                ISR_2_INIT
 .text.ISR_0_INIT_high
                0x0000009c        0xc main.o
                0x0000009c                ISR_0_INIT_high
 .text.ISR_0_INIT_low
                0x000000a8        0xc main.o
                0x000000a8                ISR_0_INIT_low
 .text.ISR_1_INIT_high
                0x000000b4        0xc main.o
                0x000000b4                ISR_1_INIT_high
 .text.ISR_1_INIT_low
                0x000000c0        0xc main.o
                0x000000c0                ISR_1_INIT_low
 .text.app_init
                0x000000cc       0x22 main.o
                0x000000cc                app_init
 .text.main     0x000000ee        0x6 main.o
                0x000000ee                main
 .text.gpio_pin_direction_inti
                0x000000f4       0x82 MCAL/GPIO/mcal_gpio.o
                0x000000f4                gpio_pin_direction_inti
 .text.gpio_pin_write_logic
                0x00000176       0x80 MCAL/GPIO/mcal_gpio.o
                0x00000176                gpio_pin_write_logic
 .text.gpio_pin_toggle_logic
                0x000001f6       0x3a MCAL/GPIO/mcal_gpio.o
                0x000001f6                gpio_pin_toggle_logic
 .text.gpio_pin_initialization
                0x00000230       0x26 MCAL/GPIO/mcal_gpio.o
                0x00000230                gpio_pin_initialization
 .text.Interrupt_INTx_Enable
                0x00000256       0x4c MCAL/INTERRUPT/mcal_external_interrupt.o
 .text.Interrupt_INTx_Disable
                0x000002a2       0x3a MCAL/INTERRUPT/mcal_external_interrupt.o
 .text.Interrupt_INTx_Clear_Flag
                0x000002dc       0x3a MCAL/INTERRUPT/mcal_external_interrupt.o
 .text.Interrupt_INTx_Set_Sense
                0x00000316       0xf6 MCAL/INTERRUPT/mcal_external_interrupt.o
 .text.Interrupt_INT0_MoveAddressFromStruct
                0x0000040c       0x14 MCAL/INTERRUPT/mcal_external_interrupt.o
 .text.Interrupt_INT1_MoveAddressFromStruct
                0x00000420       0x14 MCAL/INTERRUPT/mcal_external_interrupt.o
 .text.Interrupt_INT2_MoveAddressFromStruct
                0x00000434       0x14 MCAL/INTERRUPT/mcal_external_interrupt.o
 .text.Interrupt_INT0_MoveAddressFromStructHigh
                0x00000448       0x14 MCAL/INTERRUPT/mcal_external_interrupt.o
 .text.Interrupt_INT0_MoveAddressFromStructLow
                0x0000045c       0x14 MCAL/INTERRUPT/mcal_external_interrupt.o
 .text.Interrupt_INT1_MoveAddressFromStructHigh
                0x00000470       0x14 MCAL/INTERRUPT/mcal_external_interrupt.o
 .text.Interrupt_INT1_MoveAddressFromStructLow
                0x00000484       0x14 MCAL/INTERRUPT/mcal_external_interrupt.o
 .text.Interrupt_Choose_Handler_INTx
                0x00000498       0x7c MCAL/INTERRUPT/mcal_external_interrupt.o
 .text.Interrupt_INTx_Pin_Init
                0x00000514       0x10 MCAL/INTERRUPT/mcal_external_interrupt.o
 .text.INTx_interrupt_Init
                0x00000524       0x36 MCAL/INTERRUPT/mcal_external_interrupt.o
                0x00000524                INTx_interrupt_Init
 .text.INT0_ISR
                0x0000055a       0x10 MCAL/INTERRUPT/mcal_external_interrupt.o
                0x0000055a                INT0_ISR
 .text.INT0_ISR_HIGH
                0x0000056a       0x10 MCAL/INTERRUPT/mcal_external_interrupt.o
                0x0000056a                INT0_ISR_HIGH
 .text.INT0_ISR_LOW
                0x0000057a       0x10 MCAL/INTERRUPT/mcal_external_interrupt.o
                0x0000057a                INT0_ISR_LOW
 .text.INT1_ISR
                0x0000058a       0x10 MCAL/INTERRUPT/mcal_external_interrupt.o
                0x0000058a                INT1_ISR
 .text.INT1_ISR_HIGH
                0x0000059a       0x10 MCAL/INTERRUPT/mcal_external_interrupt.o
                0x0000059a                INT1_ISR_HIGH
 .text.INT1_ISR_LOW
                0x000005aa       0x10 MCAL/INTERRUPT/mcal_external_interrupt.o
                0x000005aa                INT1_ISR_LOW
 .text.INT2_ISR
                0x000005ba       0x10 MCAL/INTERRUPT/mcal_external_interrupt.o
                0x000005ba                INT2_ISR
 .text.__vector_1
                0x000005ca       0xae MCAL/INTERRUPT/mcal_interrupt_manager.o
                0x000005ca                __vector_1
 .text.__vector_2
                0x00000678       0xb4 MCAL/INTERRUPT/mcal_interrupt_manager.o
                0x00000678                __vector_2
 .text.__vector_3
                0x0000072c       0x5a MCAL/INTERRUPT/mcal_interrupt_manager.o
                0x0000072c                __vector_3
                0x00000786                . = ALIGN (0x2)
 *(.fini9)
 .fini9         0x00000786        0x0 c:/program files (x86)/atmel/studio/7.0/toolchain/avr8/avr8-gnu-toolchain/bin/../lib/gcc/avr/5.4.0/avr5\libgcc.a(_exit.o)
                0x00000786                _exit
                0x00000786                exit
 *(.fini9)
 *(.fini8)
 *(.fini8)
 *(.fini7)
 *(.fini7)
 *(.fini6)
 *(.fini6)
 *(.fini5)
 *(.fini5)
 *(.fini4)
 *(.fini4)
 *(.fini3)
 *(.fini3)
 *(.fini2)
 *(.fini2)
 *(.fini1)
 *(.fini1)
 *(.fini0)
 .fini0         0x00000786        0x4 c:/program files (x86)/atmel/studio/7.0/toolchain/avr8/avr8-gnu-toolchain/bin/../lib/gcc/avr/5.4.0/avr5\libgcc.a(_exit.o)
 *(.fini0)
                0x0000078a                _etext = .

.data           0x00800060       0x2c load address 0x0000078a
                0x00800060                PROVIDE (__data_start, .)
 *(.data)
 *(.data*)
 .data.int_2    0x00800060        0x9 main.o
                0x00800060                int_2
 .data.int_1    0x00800069        0x9 main.o
                0x00800069                int_1
 .data.int_0    0x00800072        0x9 main.o
                0x00800072                int_0
 .data.pin_1    0x0080007b        0x1 main.o
                0x0080007b                pin_1
 .data.port_registers
                0x0080007c        0x8 MCAL/GPIO/mcal_gpio.o
                0x0080007c                port_registers
 .data.ddr_registers
                0x00800084        0x8 MCAL/GPIO/mcal_gpio.o
                0x00800084                ddr_registers
 *(.gnu.linkonce.d*)
 *(.rodata)
 *(.rodata*)
 *(.gnu.linkonce.r*)
                0x0080008c                . = ALIGN (0x2)
                0x0080008c                _edata = .
                0x0080008c                PROVIDE (__data_end, .)

.bss            0x0080008c        0xe
                0x0080008c                PROVIDE (__bss_start, .)
 *(.bss)
 *(.bss*)
 .bss.INT1_InterruptHandlerLow
                0x0080008c        0x2 MCAL/INTERRUPT/mcal_external_interrupt.o
 .bss.INT1_InterruptHandlerHigh
                0x0080008e        0x2 MCAL/INTERRUPT/mcal_external_interrupt.o
 .bss.INT0_InterruptHandlerLow
                0x00800090        0x2 MCAL/INTERRUPT/mcal_external_interrupt.o
 .bss.INT0_InterruptHandlerHigh
                0x00800092        0x2 MCAL/INTERRUPT/mcal_external_interrupt.o
 .bss.INT2_InterruptHandler
                0x00800094        0x2 MCAL/INTERRUPT/mcal_external_interrupt.o
 .bss.INT1_InterruptHandler
                0x00800096        0x2 MCAL/INTERRUPT/mcal_external_interrupt.o
 .bss.INT0_InterruptHandler
                0x00800098        0x2 MCAL/INTERRUPT/mcal_external_interrupt.o
 *(COMMON)
                0x0080009a                PROVIDE (__bss_end, .)
                0x0000078a                __data_load_start = LOADADDR (.data)
                0x000007b6                __data_load_end = (__data_load_start + SIZEOF (.data))

.noinit         0x0080009a        0x0
                [!provide]                PROVIDE (__noinit_start, .)
 *(.noinit*)
                [!provide]                PROVIDE (__noinit_end, .)
                0x0080009a                _end = .
                [!provide]                PROVIDE (__heap_start, .)

.eeprom         0x00810000        0x0
 *(.eeprom*)
                0x00810000                __eeprom_end = .

.fuse
 *(.fuse)
 *(.lfuse)
 *(.hfuse)
 *(.efuse)

.lock
 *(.lock*)

.signature
 *(.signature*)

.user_signatures
 *(.user_signatures*)

.stab
 *(.stab)

.stabstr
 *(.stabstr)

.stab.excl
 *(.stab.excl)

.stab.exclstr
 *(.stab.exclstr)

.stab.index
 *(.stab.index)

.stab.indexstr
 *(.stab.indexstr)

.comment        0x00000000       0x30
 *(.comment)
 .comment       0x00000000       0x30 main.o
                                 0x31 (size before relaxing)
 .comment       0x00000030       0x31 MCAL/GPIO/mcal_gpio.o
 .comment       0x00000030       0x31 MCAL/INTERRUPT/mcal_external_interrupt.o
 .comment       0x00000030       0x31 MCAL/INTERRUPT/mcal_interrupt_manager.o

.note.gnu.avr.deviceinfo
                0x00000000       0x3c
 .note.gnu.avr.deviceinfo
                0x00000000       0x3c C:/Program Files (x86)/Atmel/Studio/7.0/Packs/atmel/ATmega_DFP/1.7.374/gcc/dev/atmega32/avr5/crtatmega32.o

.note.gnu.build-id
 *(.note.gnu.build-id)

.debug
 *(.debug)

.line
 *(.line)

.debug_srcinfo
 *(.debug_srcinfo)

.debug_sfnames
 *(.debug_sfnames)

.debug_aranges  0x00000000      0x1c0
 *(.debug_aranges)
 .debug_aranges
                0x00000000       0x58 main.o
 .debug_aranges
                0x00000058       0x70 MCAL/GPIO/mcal_gpio.o
 .debug_aranges
                0x000000c8       0xc8 MCAL/INTERRUPT/mcal_external_interrupt.o
 .debug_aranges
                0x00000190       0x30 MCAL/INTERRUPT/mcal_interrupt_manager.o

.debug_pubnames
 *(.debug_pubnames)

.debug_info     0x00000000     0x1924
 *(.debug_info .gnu.linkonce.wi.*)
 .debug_info    0x00000000      0x4e6 C:/Program Files (x86)/Atmel/Studio/7.0/Packs/atmel/ATmega_DFP/1.7.374/gcc/dev/atmega32/avr5/crtatmega32.o
 .debug_info    0x000004e6      0x53c main.o
 .debug_info    0x00000a22      0x516 MCAL/GPIO/mcal_gpio.o
 .debug_info    0x00000f38      0x783 MCAL/INTERRUPT/mcal_external_interrupt.o
 .debug_info    0x000016bb      0x269 MCAL/INTERRUPT/mcal_interrupt_manager.o

.debug_abbrev   0x00000000      0x9d9
 *(.debug_abbrev)
 .debug_abbrev  0x00000000      0x4a3 C:/Program Files (x86)/Atmel/Studio/7.0/Packs/atmel/ATmega_DFP/1.7.374/gcc/dev/atmega32/avr5/crtatmega32.o
 .debug_abbrev  0x000004a3      0x15b main.o
 .debug_abbrev  0x000005fe      0x163 MCAL/GPIO/mcal_gpio.o
 .debug_abbrev  0x00000761      0x1d8 MCAL/INTERRUPT/mcal_external_interrupt.o
 .debug_abbrev  0x00000939       0xa0 MCAL/INTERRUPT/mcal_interrupt_manager.o

.debug_line     0x00000000      0xf89
 *(.debug_line .debug_line.* .debug_line_end)
 .debug_line    0x00000000      0x116 C:/Program Files (x86)/Atmel/Studio/7.0/Packs/atmel/ATmega_DFP/1.7.374/gcc/dev/atmega32/avr5/crtatmega32.o
 .debug_line    0x00000116      0x182 main.o
 .debug_line    0x00000298      0x395 MCAL/GPIO/mcal_gpio.o
 .debug_line    0x0000062d      0x684 MCAL/INTERRUPT/mcal_external_interrupt.o
 .debug_line    0x00000cb1      0x2d8 MCAL/INTERRUPT/mcal_interrupt_manager.o

.debug_frame    0x00000000      0x40c
 *(.debug_frame)
 .debug_frame   0x00000000       0x94 main.o
 .debug_frame   0x00000094       0xd0 MCAL/GPIO/mcal_gpio.o
 .debug_frame   0x00000164      0x18c MCAL/INTERRUPT/mcal_external_interrupt.o
 .debug_frame   0x000002f0      0x11c MCAL/INTERRUPT/mcal_interrupt_manager.o

.debug_str      0x00000000      0xb1b
 *(.debug_str)
 .debug_str     0x00000000      0x196 C:/Program Files (x86)/Atmel/Studio/7.0/Packs/atmel/ATmega_DFP/1.7.374/gcc/dev/atmega32/avr5/crtatmega32.o
 .debug_str     0x00000196      0x3f7 main.o
                                0x43b (size before relaxing)
 .debug_str     0x0000058d      0x188 MCAL/GPIO/mcal_gpio.o
                                0x382 (size before relaxing)
 .debug_str     0x00000715      0x2ea MCAL/INTERRUPT/mcal_external_interrupt.o
                                0x5ca (size before relaxing)
 .debug_str     0x000009ff      0x11c MCAL/INTERRUPT/mcal_interrupt_manager.o
                                0x2eb (size before relaxing)

.debug_loc      0x00000000     0x120e
 *(.debug_loc)
 .debug_loc     0x00000000       0x14 main.o
 .debug_loc     0x00000014      0x50e MCAL/GPIO/mcal_gpio.o
 .debug_loc     0x00000522      0x7b1 MCAL/INTERRUPT/mcal_external_interrupt.o
 .debug_loc     0x00000cd3      0x53b MCAL/INTERRUPT/mcal_interrupt_manager.o

.debug_macinfo
 *(.debug_macinfo)

.debug_weaknames
 *(.debug_weaknames)

.debug_funcnames
 *(.debug_funcnames)

.debug_typenames
 *(.debug_typenames)

.debug_varnames
 *(.debug_varnames)

.debug_pubtypes
 *(.debug_pubtypes)

.debug_ranges   0x00000000      0x180
 *(.debug_ranges)
 .debug_ranges  0x00000000       0x48 main.o
 .debug_ranges  0x00000048       0x60 MCAL/GPIO/mcal_gpio.o
 .debug_ranges  0x000000a8       0xb8 MCAL/INTERRUPT/mcal_external_interrupt.o
 .debug_ranges  0x00000160       0x20 MCAL/INTERRUPT/mcal_interrupt_manager.o

.debug_macro
 *(.debug_macro)
OUTPUT(MY_AVR.elf elf32-avr)
LOAD linker stubs
